Time elapsed: 5.075 seconds
(500000,)
1.4940444588341288
1.5378052216671352
1.7288492809754163
2.0278001078463546
2.3961015676518906
2.807830457215913
3.2475381188012924
3.7061406322550807
4.178149445534634
4.660114306256267
